// Jest Snapshot v1, https://goo.gl/fbAQLP

exports[`YearPicker does not crash 1`] = `
<styled.div>
  <styled.div
    onClick={[Function]}
  />
  2017
  <styled.div
    onClick={[Function]}
    right={true}
  />
</styled.div>
`;
