// Jest Snapshot v1, https://goo.gl/fbAQLP

exports[`Legend does not crash 1`] = `
<div>
  <styled.div>
    <styled.div
      color="#111111"
      key="1"
      theme={
        Object {
          "horizontalRectangleSegment_borderRadius": "0",
          "horizontalRectangleSegment_height": "15px",
        }
      }
    />
    <styled.div
      color="#333333"
      key="2"
      theme={
        Object {
          "horizontalRectangleSegment_borderRadius": "0",
          "horizontalRectangleSegment_height": "15px",
        }
      }
    />
    <styled.div
      color="#666666"
      key="3"
      theme={
        Object {
          "horizontalRectangleSegment_borderRadius": "0",
          "horizontalRectangleSegment_height": "15px",
        }
      }
    />
    <styled.div
      color="#999999"
      key="4"
      theme={
        Object {
          "horizontalRectangleSegment_borderRadius": "0",
          "horizontalRectangleSegment_height": "15px",
        }
      }
    />
  </styled.div>
  <styled.div>
    <styled.div
      key="1"
    >
      0
    </styled.div>
    <styled.div
      key="2"
    >
      100
    </styled.div>
    <styled.div
      key="3"
    >
      300
    </styled.div>
    <styled.div
      key="4"
    >
      600
    </styled.div>
    <styled.div>
      900
    </styled.div>
  </styled.div>
</div>
`;
